Command: C:\Espressif\python_env\idf5.5_py3.11_env\Scripts\python.exe C:\Users\nnarat\esp\v5.5.1\esp-idf\tools/idf_monitor.py -p COM3 -b 115200 --toolchain-prefix xtensa-esp32-elf- --target esp32 --revision 0 D:\Week-09-Special_topics_2568\ex1\build\ex1.elf D:\Week-09-Special_topics_2568\ex1\build\bootloader\bootloader.elf --force-color -m 'C:\Espressif\python_env\idf5.5_py3.11_env\Scripts\python.exe' 'C:\Users\nnarat\esp\v5.5.1\esp-idf\tools\idf.py' '-p' 'COM3'
s Junï¿½H(
Bï¿½ï¿½Jï¿½ï¿½Ñ¹esp32: SPI Flash Size : 2MBets Jun  8 2016 00:22:57

rst:0x1 (POWERON_RESET),boot:0x12 (SPI_FAST_FLASH_BOOT)
configsip: 0, SPIWP:0xee
clk_drv:0x00,q_drv:0x00,d_drv:0x00,cs0_drv:0x00,hd_drv:0x00,wp_drv:0x00
mode:DIO, clock div:2
load:0x3fff0030,len:6380
ho 0 tail 12 room 4
load:0x40078000,len:15916
load:0x40080400,len:3860
entry 0x40080638
[0;32mI (29) boot: ESP-IDF v5.5.1 2nd stage bootloader[0m
[0;32mI (29) boot: compile time Sep 18 2025 15:37:32[0m
[0;32mI (29) boot: Multicore bootloader[0m
[0;32mI (31) boot: chip revision: v1.0[0m
[0;32mI (33) boot.esp32: SPI Speed      : 40MHz[0m
[0;32mI (37) boot.esp32: SPI Mode       : DIO[0m
[0;32mI (41) boot.esp32: SPI Flash Size : 2MB[0m
[0;32mI (44) boot: Enabling RNG early entropy source...[0m
[0;32mI (49) boot: Partition Table:[0m
[0;32mI (51) boot: ## Label            Usage          Type ST Offset   Length[0m
[0;32mI (58) boot:  0 nvs              WiFi data        01 02 00009000 00006000[0m
[0;32mI (64) boot:  1 phy_init         RF data          01 01 0000f000 00001000[0m
[0;32mI (71) boot:  2 factory          factory app      00 00 00010000 00100000[0m
[0;32mI (77) boot: End of partition table[0m
[0;32mI (81) esp_image: segment 0: paddr=00010020 vaddr=3f400020 size=0a330h ( 41776) map[0m
[0;32mI (102) esp_image: segment 1: paddr=0001a358 vaddr=3ffb0000 size=023f8h (  9208) load[0m
[0;32mI (106) esp_image: segment 2: paddr=0001c758 vaddr=40080000 size=038c0h ( 14528) load[0m
[0;32mI (112) esp_image: segment 3: paddr=00020020 vaddr=400d0020 size=146a4h ( 83620) map[0m
[0;32mI (142) esp_image: segment 4: paddr=000346cc vaddr=400838c0 size=096f0h ( 38640) load[0m
[0;32mI (158) esp_image: segment 5: paddr=0003ddc4 vaddr=50000000 size=00020h (    32) load[0m
[0;32mI (164) boot: Loaded app from partition at offset 0x10000[0m
[0;32mI (164) boot: Disabling RNG early entropy source...[0m
[0;32mI (176) cpu_start: Multicore app[0m
[0;32mI (184) cpu_start: Pro cpu start user code[0m
[0;32mI (184) cpu_start: cpu freq: 160000000 Hz[0m
[0;32mI (184) app_init: Application information:[0m
[0;32mI (184) app_init: Project name:     ex1[0m
[0;32mI (188) app_init: App version:      04a245f[0m
[0;32mI (192) app_init: Compile time:     Sep 18 2025 15:37:13[0m
[0;32mI (197) app_init: ELF file SHA256:  af9cf02d4...[0m
[0;32mI (201) app_init: ESP-IDF:          v5.5.1[0m
[0;32mI (205) efuse_init: Min chip rev:     v0.0[0m
[0;32mI (209) efuse_init: Max chip rev:     v3.99 [0m
[0;32mI (213) efuse_init: Chip rev:         v1.0[0m
[0;32mI (217) heap_init: Initializing. RAM available for dynamic allocation:[0m
[0;32mI (223) heap_init: At 3FFAE6E0 len 00001920 (6 KiB): DRAM[0m
[0;32mI (228) heap_init: At 3FFB2CC0 len 0002D340 (180 KiB): DRAM[0m
[0;32mI (233) heap_init: At 3FFE0440 len 00003AE0 (14 KiB): D/IRAM[0m
[0;32mI (238) heap_init: At 3FFE4350 len 0001BCB0 (111 KiB): D/IRAM[0m
[0;32mI (244) heap_init: At 4008CFB0 len 00013050 (76 KiB): IRAM[0m
[0;32mI (251) spi_flash: detected chip: generic[0m
[0;32mI (253) spi_flash: flash io: dio[0m
[0;33mW (256) spi_flash: Detected size(4096k) larger than the size in the binary image header(2048k). Using the size in the binary image header.[0m
[0;32mI (269) main_task: Started on CPU0[0m
[0;32mI (279) main_task: Calling app_main()[0m
[0;32mI (279) LED_CONTROL: ESP32 LED Control Demo Started[0m
[0;32mI (279) LED_CONTROL: Initializing LEDs on GPIO 2, 4, 5[0m
[0;32mI (279) LED_CONTROL: LED initialization completed[0m
[0;32mI (279) LED_CONTROL: ALL LEDs ON[0m
[0;32mI (289) LED_CONTROL: LED blink task created[0m
[0;32mI (289) main_task: Returned from app_main()[0m
[0;32mI (1289) LED_CONTROL: ALL LEDs OFF[0m
[0;32mI (2289) LED_CONTROL: ALL LEDs ON[0m
[0;32mI (3289) LED_CONTROL: ALL LEDs OFF[0m
[0;32mI (4289) LED_CONTROL: ALL LEDs ON[0m
[0;32mI (5289) LED_CONTROL: ALL LEDs OFF[0m
[0;32mI (6289) LED_CONTROL: ALL LEDs ON[0m
[0;32mI (7289) LED_CONTROL: ALL LEDs OFF[0m
[0;32mI (8289) LED_CONTROL: ALL LEDs ON[0m
[0;32mI (9289) LED_CONTROL: ALL LEDs OFF[0m
[0;32mI (10289) LED_CONTROL: ALL LEDs ON[0m
[0;32mI (11289) LED_CONTROL: ALL LEDs OFF[0m
[0;32mI (12289) LED_CONTROL: ALL LEDs ON[0m
[0;32mI (13289) LED_CONTROL: ALL LEDs OFF[0m
[0;32mI (14289) LED_CONTROL: ALL LEDs ON[0m
[0;32mI (15289) LED_CONTROL: ALL LEDs OFF[0m
[0;32mI (16289) LED_CONTROL: ALL LEDs ON[0m
[0;32mI (17289) LED_CONTROL: ALL LEDs OFF[0m
[0;32mI (18289) LED_CONTROL: ALL LEDs ON[0m
[0;32mI (19289) LED_CONTROL: ALL LEDs OFF[0m
[0;32mI (20289) LED_CONTROL: ALL LEDs ON[0m
[0;32mI (21289) LED_CONTROL: ALL LEDs OFF[0m
[0;32mI (22289) LED_CONTROL: ALL LEDs ON[0m
[0;32mI (23289) LED_CONTROL: ALL LEDs OFF[0m
[0;32mI (24289) LED_CONTROL: ALL LEDs ON[0m
[0;32mI (25289) LED_CONTROL: ALL LEDs OFF[0m
[0;32mI (26289) LED_CONTROL: ALL LEDs ON[0m
[0;32mI (27289) LED_CONTROL: ALL LEDs OFF[0m
[0;32mI (28289) LED_CONTROL: ALL LEDs ON[0m
[0;32mI (29289) LED_CONTROL: ALL LEDs OFF[0m
[0;32mI (30289) LED_CONTROL: ALL LEDs ON[0m
[0;32mI (31289) LED_CONTROL: ALL LEDs OFF[0m
[0;32mI (32289) LED_CONTROL: ALL LEDs ON[0m
[0;32mI (33289) LED_CONTROL: ALL LEDs OFF[0m
[0;32mI (34289) LED_CONTROL: ALL LEDs ON[0m
[0;32mI (35289) LED_CONTROL: ALL LEDs OFF[0m
[0;32mI (36289) LED_CONTROL: ALL LEDs ON[0m
[0;32mI (37289) LED_CONTROL: ALL LEDs OFF[0m
[0;32mI (38289) LED_CONTROL: ALL LEDs ON[0m
[0;32mI (39289) LED_CONTROL: ALL LEDs OFF[0m
[0;32mI (40289) LED_CONTROL: ALL LEDs ON[0m
[0;32mI (41289) LED_CONTROL: ALL LEDs OFF[0m
[0;32mI (42289) LED_CONTROL: ALL LEDs ON[0m
[0;32mI (43289) LED_CONTROL: ALL LEDs OFF[0m
[0;32mI (44289) LED_CONTROL: ALL LEDs ON[0m
[0;32mI (45289) LED_CONTROL: ALL LEDs OFF[0m
[0;32mI (46289) LED_CONTROL: ALL LEDs ON[0m
[0;32mI (47289) LED_CONTROL: ALL LEDs OFF[0m
[0;32mI (48289) LED_CONTROL: ALL LEDs ON[0m
[0;32mI (49289) LED_CONTROL: ALL LEDs OFF[0m
[0;32mI (50289) LED_CONTROL: ALL LEDs ON[0m
[0;32mI (51289) LED_CONTROL: ALL LEDs OFF[0m
[0;32mI (52289) LED_CONTROL: ALL LEDs ON[0m
[0;32mI (53289) LED_CONTROL: ALL LEDs OFF[0m
