Command: C:\Espressif\python_env\idf5.5_py3.11_env\Scripts\python.exe C:\Users\nnarat\esp\v5.5.1\esp-idf\tools/idf_monitor.py -p COM3 -b 115200 --toolchain-prefix xtensa-esp32-elf- --target esp32 --revision 0 D:\Week-09-Special_topics_2568\led2\build\led2.elf D:\Week-09-Special_topics_2568\led2\build\bootloader\bootloader.elf --force-color -m 'C:\Espressif\python_env\idf5.5_py3.11_env\Scripts\python.exe' 'C:\Users\nnarat\esp\v5.5.1\esp-idf\tools\idf.py' '-p' 'COM3'
et: DIO
[0;32mI (41) boot.esp32: SPI Flash Size : ï¿½ets Jun  8 2016 00:22:57[0m

rst:0x1 (POWERON_RESET),boot:0x13 (SPI_FAST_FLASH_BOOT)
configsip: 0, SPIWP:0xee
clk_drv:0x00,q_drv:0x00,d_drv:0x00,cs0_drv:0x00,hd_drv:0x00,wp_drv:0x00
mode:DIO, clock div:2
load:0x3fff0030,len:6380
ho 0 tail 12 room 4
load:0x40078000,len:15916
load:0x40080400,len:3860
entry 0x40080638
[0;32mI (29) boot: ESP-IDF v5.5.1 2nd stage bootloader[0m
[0;32mI (29) boot: compile time Sep 18 2025 15:25:48[0m
[0;32mI (29) boot: Multicore bootloader[0m
[0;32mI (31) boot: chip revision: v1.0[0m
[0;32mI (33) boot.esp32: SPI Speed      : 40MHz[0m
[0;32mI (37) boot.esp32: SPI Mode       : DIO[0m
[0;32mI (41) boot.esp32: SPI Flash Size : 2MB[0m
[0;32mI (44) boot: Enabling RNG early entropy source...[0m
[0;32mI (49) boot: Partition Table:[0m
[0;32mI (51) boot: ## Label            Usage          Type ST Offset   Length[0m
[0;32mI (58) boot:  0 nvs              WiFi data        01 02 00009000 00006000[0m
[0;32mI (64) boot:  1 phy_init         RF data          01 01 0000f000 00001000[0m
[0;32mI (71) boot:  2 factory          factory app      00 00 00010000 00100000[0m
[0;32mI (77) boot: End of partition table[0m
[0;32mI (81) esp_image: segment 0: paddr=00010020 vaddr=3f400020 size=0aa00h ( 43520) map[0m
[0;32mI (103) esp_image: segment 1: paddr=0001aa28 vaddr=3ffb0000 size=02450h (  9296) load[0m
[0;32mI (107) esp_image: segment 2: paddr=0001ce80 vaddr=40080000 size=03198h ( 12696) load[0m
[0;32mI (112) esp_image: segment 3: paddr=00020020 vaddr=400d0020 size=152c0h ( 86720) map[0m
[0;32mI (144) esp_image: segment 4: paddr=000352e8 vaddr=40083198 size=0a36ch ( 41836) load[0m
[0;32mI (160) esp_image: segment 5: paddr=0003f65c vaddr=50000000 size=00020h (    32) load[0m
[0;32mI (167) boot: Loaded app from partition at offset 0x10000[0m
[0;32mI (167) boot: Disabling RNG early entropy source...[0m
[0;32mI (179) cpu_start: Multicore app[0m
[0;32mI (187) cpu_start: Pro cpu start user code[0m
[0;32mI (187) cpu_start: cpu freq: 160000000 Hz[0m
[0;32mI (187) app_init: Application information:[0m
[0;32mI (187) app_init: Project name:     led2[0m
[0;32mI (191) app_init: App version:      04a245f[0m
[0;32mI (195) app_init: Compile time:     Sep 18 2025 15:25:29[0m
[0;32mI (200) app_init: ELF file SHA256:  f56f99f99...[0m
[0;32mI (204) app_init: ESP-IDF:          v5.5.1[0m
[0;32mI (208) efuse_init: Min chip rev:     v0.0[0m
[0;32mI (212) efuse_init: Max chip rev:     v3.99 [0m
[0;32mI (216) efuse_init: Chip rev:         v1.0[0m
[0;32mI (220) heap_init: Initializing. RAM available for dynamic allocation:[0m
[0;32mI (226) heap_init: At 3FFAE6E0 len 00001920 (6 KiB): DRAM[0m
[0;32mI (231) heap_init: At 3FFB2D78 len 0002D288 (180 KiB): DRAM[0m
[0;32mI (236) heap_init: At 3FFE0440 len 00003AE0 (14 KiB): D/IRAM[0m
[0;32mI (241) heap_init: At 3FFE4350 len 0001BCB0 (111 KiB): D/IRAM[0m
[0;32mI (247) heap_init: At 4008D504 len 00012AFC (74 KiB): IRAM[0m
[0;32mI (254) spi_flash: detected chip: generic[0m
[0;32mI (256) spi_flash: flash io: dio[0m
[0;33mW (259) spi_flash: Detected size(4096k) larger than the size in the binary image header(2048k). Using the size in the binary image header.[0m
[0;32mI (272) main_task: Started on CPU0[0m
[0;32mI (282) main_task: Calling app_main()[0m
[0;32mI (282) PWM_BREATHING: Starting PWM Breathing Effect[0m
[0;32mI (282) PWM_BREATHING: Breathing IN...[0m
[0;32mI (1922) PWM_BREATHING: Breathing OUT...[0m
[0;32mI (3562) PWM_BREATHING: Breathing IN...[0m
[0;32mI (5202) PWM_BREATHING: Breathing OUT...[0m
[0;32mI (6842) PWM_BREATHING: Breathing IN...[0m
[0;32mI (8482) PWM_BREATHING: Breathing OUT...[0m
[0;32mI (10122) PWM_BREATHING: Breathing IN...[0m
[0;32mI (11762) PWM_BREATHING: Breathing OUT...[0m
[0;32mI (13402) PWM_BREATHING: Breathing IN...[0m
[0;32mI (15042) PWM_BREATHING: Breathing OUT...[0m
[0;32mI (16682) PWM_BREATHING: Breathing IN...[0m
[0;32mI (18322) PWM_BREATHING: Breathing OUT...[0m
[0;32mI (19962) PWM_BREATHING: Breathing IN...[0m
[0;32mI (21602) PWM_BREATHING: Breathing OUT...[0m
[0;32mI (23242) PWM_BREATHING: Breathing IN...[0m
[0;32mI (24882) PWM_BREATHING: Breathing OUT...[0m
[0;32mI (26522) PWM_BREATHING: Breathing IN...[0m
[0;32mI (28162) PWM_BREATHING: Breathing OUT...[0m
[0;32mI (29802) PWM_BREATHING: Breathing IN...[0m
[0;32mI (31442) PWM_BREATHING: Breathing OUT...[0m
[0;32mI (33082) PWM_BREATHING: Breathing IN...[0m
[0;32mI (34722) PWM_BREATHING: Breathing OUT...[0m
[0;32mI (36362) PWM_BREATHING: Breathing IN...[0m
[0;32mI (38002) PWM_BREATHING: Breathing OUT...[0m
[0;32mI (39642) PWM_BREATHING: Breathing IN...[0m
[0;32mI (41282) PWM_BREATHING: Breathing OUT...[0m
[0;32mI (42922) PWM_BREATHING: Breathing IN...[0m
[0;32mI (44562) PWM_BREATHING: Breathing OUT...[0m
[0;32mI (46202) PWM_BREATHING: Breathing IN...[0m
[0;32mI (47842) PWM_BREATHING: Breathing OUT...[0m
[0;32mI (49492) PWM_BREATHING: Breathing IN...[0m
[0;32mI (51132) PWM_BREATHING: Breathing OUT...[0m
[0;32mI (52772) PWM_BREATHING: Breathing IN...[0m
[0;32mI (54412) PWM_BREATHING: Breathing OUT...[0m
[0;32mI (56052) PWM_BREATHING: Breathing IN...[0m
[0;32mI (57692) PWM_BREATHING: Breathing OUT...[0m
[0;32mI (59332) PWM_BREATHING: Breathing IN...[0m
[0;32mI (60972) PWM_BREATHING: Breathing OUT...[0m
[0;32mI (62612) PWM_BREATHING: Breathing IN...[0m
[0;32mI (64252) PWM_BREATHING: Breathing OUT...[0m
[0;32mI (65892) PWM_BREATHING: Breathing IN...[0m
[0;32mI (67532) PWM_BREATHING: Breathing OUT...[0m
[0;32mI (69172) PWM_BREATHING: Breathing IN...[0m
[0;32mI (70812) PWM_BREATHING: Breathing OUT...[0m
[0;32mI (72452) PWM_BREATHING: Breathing IN...[0m
[0;32mI (74092) PWM_BREATHING: Breathing OUT...[0m
[0;32mI (75732) PWM_BREATHING: Breathing IN...[0m
[0;32mI (77372) PWM_BREATHING: Breathing OUT...[0m
[0;32mI (79012) PWM_BREATHING: Breathing IN...[0m
[0;32mI (80652) PWM_BREATHING: Breathing OUT...[0m
[0;32mI (82292) PWM_BREATHING: Breathing IN...[0m
[0;32mI (83932) PWM_BREATHING: Breathing OUT...[0m
