Command: C:\Espressif\python_env\idf5.5_py3.11_env\Scripts\python.exe C:\Users\nnarat\esp\v5.5.1\esp-idf\tools/idf_monitor.py -p COM3 -b 115200 --toolchain-prefix xtensa-esp32-elf- --target esp32 --revision 0 D:\Week-09-Special_topics_2568\led2\build\led2.elf D:\Week-09-Special_topics_2568\led2\build\bootloader\bootloader.elf --force-color -m 'C:\Espressif\python_env\idf5.5_py3.11_env\Scripts\python.exe' 'C:\Users\nnarat\esp\v5.5.1\esp-idf\tools\idf.py' '-p' 'COM3'
ets : DIO
[0;32mI (41) boot.esp32: SPI Flash Size : 2MB[0m
Iï¿½ets Jun  8 2016 00:22:57

rst:0x1 (POWERON_RESET),boot:0x13 (SPI_FAST_FLASH_BOOT)
configsip: 0, SPIWP:0xee
clk_drv:0x00,q_drv:0x00,d_drv:0x00,cs0_drv:0x00,hd_drv:0x00,wp_drv:0x00
mode:DIO, clock div:2
load:0x3fff0030,len:6380
ho 0 tail 12 room 4
load:0x40078000,len:15916
load:0x40080400,len:3860
entry 0x40080638
[0;32mI (29) boot: ESP-IDF v5.5.1 2nd stage bootloader[0m
[0;32mI (29) boot: compile time Sep 18 2025 15:25:48[0m
[0;32mI (29) boot: Multicore bootloader[0m
[0;32mI (31) boot: chip revision: v1.0[0m
[0;32mI (33) boot.esp32: SPI Speed      : 40MHz[0m
[0;32mI (37) boot.esp32: SPI Mode       : DIO[0m
[0;32mI (41) boot.esp32: SPI Flash Size : 2MB[0m
[0;32mI (44) boot: Enabling RNG early entropy source...[0m
[0;32mI (49) boot: Partition Table:[0m
[0;32mI (51) boot: ## Label            Usage          Type ST Offset   Length[0m
[0;32mI (58) boot:  0 nvs              WiFi data        01 02 00009000 00006000[0m
[0;32mI (64) boot:  1 phy_init         RF data          01 01 0000f000 00001000[0m
[0;32mI (71) boot:  2 factory          factory app      00 00 00010000 00100000[0m
[0;32mI (77) boot: End of partition table[0m
[0;32mI (81) esp_image: segment 0: paddr=00010020 vaddr=3f400020 size=0a320h ( 41760) map[0m
[0;32mI (102) esp_image: segment 1: paddr=0001a348 vaddr=3ffb0000 size=023f8h (  9208) load[0m
[0;32mI (106) esp_image: segment 2: paddr=0001c748 vaddr=40080000 size=038d0h ( 14544) load[0m
[0;32mI (112) esp_image: segment 3: paddr=00020020 vaddr=400d0020 size=1467ch ( 83580) map[0m
[0;32mI (142) esp_image: segment 4: paddr=000346a4 vaddr=400838d0 size=096e0h ( 38624) load[0m
[0;32mI (158) esp_image: segment 5: paddr=0003dd8c vaddr=50000000 size=00020h (    32) load[0m
[0;32mI (164) boot: Loaded app from partition at offset 0x10000[0m
[0;32mI (164) boot: Disabling RNG early entropy source...[0m
[0;32mI (176) cpu_start: Multicore app[0m
[0;32mI (184) cpu_start: Pro cpu start user code[0m
[0;32mI (184) cpu_start: cpu freq: 160000000 Hz[0m
[0;32mI (184) app_init: Application information:[0m
[0;32mI (184) app_init: Project name:     led2[0m
[0;32mI (188) app_init: App version:      04a245f[0m
[0;32mI (192) app_init: Compile time:     Sep 18 2025 15:25:29[0m
[0;32mI (197) app_init: ELF file SHA256:  4c6ef2617...[0m
[0;32mI (201) app_init: ESP-IDF:          v5.5.1[0m
[0;32mI (205) efuse_init: Min chip rev:     v0.0[0m
[0;32mI (209) efuse_init: Max chip rev:     v3.99 [0m
[0;32mI (213) efuse_init: Chip rev:         v1.0[0m
[0;32mI (217) heap_init: Initializing. RAM available for dynamic allocation:[0m
[0;32mI (223) heap_init: At 3FFAE6E0 len 00001920 (6 KiB): DRAM[0m
[0;32mI (228) heap_init: At 3FFB2CC0 len 0002D340 (180 KiB): DRAM[0m
[0;32mI (233) heap_init: At 3FFE0440 len 00003AE0 (14 KiB): D/IRAM[0m
[0;32mI (239) heap_init: At 3FFE4350 len 0001BCB0 (111 KiB): D/IRAM[0m
[0;32mI (244) heap_init: At 4008CFB0 len 00013050 (76 KiB): IRAM[0m
[0;32mI (251) spi_flash: detected chip: generic[0m
[0;32mI (253) spi_flash: flash io: dio[0m
[0;33mW (256) spi_flash: Detected size(4096k) larger than the size in the binary image header(2048k). Using the size in the binary image header.[0m
[0;32mI (269) main_task: Started on CPU0[0m
[0;32mI (279) main_task: Calling app_main()[0m
[0;32mI (279) LED_CONTROL: ESP32 LED Control Demo Started[0m
[0;32mI (279) LED_CONTROL: Initializing LED on GPIO 2[0m
[0;32mI (279) LED_CONTROL: LED initialization completed[0m
[0;32mI (279) LED_CONTROL: LED ON[0m
[0;32mI (289) LED_CONTROL: LED blink task created[0m
[0;32mI (289) main_task: Returned from app_main()[0m
[0;32mI (1289) LED_CONTROL: LED OFF[0m
[0;32mI (2289) LED_CONTROL: LED ON[0m
[0;32mI (3289) LED_CONTROL: LED OFF[0m
[0;32mI (4289) LED_CONTROL: LED ON[0m
[0;32mI (5289) LED_CONTROL: LED OFF[0m
[0;32mI (6289) LED_CONTROL: LED ON[0m
[0;32mI (7289) LED_CONTROL: LED OFF[0m
[0;32mI (8289) LED_CONTROL: LED ON[0m
[0;32mI (9289) LED_CONTROL: LED OFF[0m
[0;32mI (10289) LED_CONTROL: LED ON[0m
[0;32mI (11289) LED_CONTROL: LED OFF[0m
[0;32mI (12289) LED_CONTROL: LED ON[0m
[0;32mI (13289) LED_CONTROL: LED OFF[0m
[0;32mI (14289) LED_CONTROL: LED ON[0m
[0;32mI (15289) LED_CONTROL: LED OFF[0m
[0;32mI (16289) LED_CONTROL: LED ON[0m
[0;32mI (17289) LED_CONTROL: LED OFF[0m
[0;32mI (18289) LED_CONTROL: LED ON[0m
[0;32mI (19289) LED_CONTROL: LED OFF[0m
[0;32mI (20289) LED_CONTROL: LED ON[0m
[0;32mI (21289) LED_CONTROL: LED OFF[0m
[0;32mI (22289) LED_CONTROL: LED ON[0m
[0;32mI (23289) LED_CONTROL: LED OFF[0m
[0;32mI (24289) LED_CONTROL: LED ON[0m
[0;32mI (25289) LED_CONTROL: LED OFF[0m
[0;32mI (26289) LED_CONTROL: LED ON[0m
[0;32mI (27289) LED_CONTROL: LED OFF[0m
[0;32mI (28289) LED_CONTROL: LED ON[0m
[0;32mI (29289) LED_CONTROL: LED OFF[0m
[0;32mI (30289) LED_CONTROL: LED ON[0m
[0;32mI (31289) LED_CONTROL: LED OFF[0m
[0;32mI (32289) LED_CONTROL: LED ON[0m
[0;32mI (33289) LED_CONTROL: LED OFF[0m
[0;32mI (34289) LED_CONTROL: LED ON[0m
[0;32mI (35289) LED_CONTROL: LED OFF[0m
[0;32mI (36289) LED_CONTROL: LED ON[0m
[0;32mI (37289) LED_CONTROL: LED OFF[0m
[0;32mI (38289) LED_CONTROL: LED ON[0m
[0;32mI (39289) LED_CONTROL: LED OFF[0m
[0;32mI (40289) LED_CONTROL: LED ON[0m
[0;32mI (41289) LED_CONTROL: LED OFF[0m
[0;32mI (42289) LED_CONTROL: LED ON[0m
[0;32mI (43289) LED_CONTROL: LED OFF[0m
[0;32mI (44289) LED_CONTROL: LED ON[0m
[0;32mI (45289) LED_CONTROL: LED OFF[0m
[0;32mI (46289) LED_CONTROL: LED ON[0m
[0;32mI (47289) LED_CONTROL: LED OFF[0m
[0;32mI (48289) LED_CONTROL: LED ON[0m
[0;32mI (49289) LED_CONTROL: LED OFF[0m
[0;32mI (50289) LED_CONTROL: LED ON[0m
[0;32mI (51289) LED_CONTROL: LED OFF[0m
[0;32mI (52289) LED_CONTROL: LED ON[0m
[0;32mI (53289) LED_CONTROL: LED OFF[0m
[0;32mI (54289) LED_CONTROL: LED ON[0m
[0;32mI (55289) LED_CONTROL: LED OFF[0m
[0;32mI (56289) LED_CONTROL: LED ON[0m
[0;32mI (57289) LED_CONTROL: LED OFF[0m
[0;32mI (58289) LED_CONTROL: LED ON[0m
[0;32mI (59289) LED_CONTROL: LED OFF[0m
[0;32mI (60289) LED_CONTROL: LED ON[0m
[0;32mI (61289) LED_CONTROL: LED OFF[0m
[0;32mI (62289) LED_CONTROL: LED ON[0m
[0;32mI (63289) LED_CONTROL: LED OFF[0m
[0;32mI (64289) LED_CONTROL: LED ON[0m
[0;32mI (65289) LED_CONTROL: LED OFF[0m
[0;32mI (66289) LED_CONTROL: LED ON[0m
[0;32mI (67289) LED_CONTROL: LED OFF[0m
[0;32mI (68289) LED_CONTROL: LED ON[0m
[0;32mI (69289) LED_CONTROL: LED OFF[0m
[0;32mI (70289) LED_CONTROL: LED ON[0m
[0;32mI (71289) LED_CONTROL: LED OFF[0m
[0;32mI (72289) LED_CONTROL: LED ON[0m
[0;32mI (73289) LED_CONTROL: LED OFF[0m
[0;32mI (74289) LED_CONTROL: LED ON[0m
[0;32mI (75289) LED_CONTROL: LED OFF[0m
[0;32mI (76289) LED_CONTROL: LED ON[0m
[0;32mI (77289) LED_CONTROL: LED OFF[0m
[0;32mI (78289) LED_CONTROL: LED ON[0m
[0;32mI (79289) LED_CONTROL: LED OFF[0m
[0;32mI (80289) LED_CONTROL: LED ON[0m
[0;32mI (81289) LED_CONTROL: LED OFF[0m
[0;32mI (82289) LED_CONTROL: LED ON[0m
[0;32mI (83289) LED_CONTROL: LED OFF[0m
[0;32mI (84289) LED_CONTROL: LED ON[0m
[0;32mI (85289) LED_CONTROL: LED OFF[0m
[0;32mI (86289) LED_CONTROL: LED ON[0m
[0;32mI (87289) LED_CONTROL: LED OFF[0m
[0;32mI (88289) LED_CONTROL: LED ON[0m
[0;32mI (89289) LED_CONTROL: LED OFF[0m
[0;32mI (90289) LED_CONTROL: LED ON[0m
[0;32mI (91289) LED_CONTROL: LED OFF[0m
[0;32mI (92289) LED_CONTROL: LED ON[0m
[0;32mI (93289) LED_CONTROL: LED OFF[0m
[0;32mI (94289) LED_CONTROL: LED ON[0m
[0;32mI (95289) LED_CONTROL: LED OFF[0m
[0;32mI (96289) LED_CONTROL: LED ON[0m
[0;32mI (97289) LED_CONTROL: LED OFF[0m
[0;32mI (98289) LED_CONTROL: LED ON[0m
[0;32mI (99289) LED_CONTROL: LED OFF[0m
[0;32mI (100289) LED_CONTROL: LED ON[0m
[0;32mI (101289) LED_CONTROL: LED OFF[0m
[0;32mI (102289) LED_CONTROL: LED ON[0m
[0;32mI (103289) LED_CONTROL: LED OFF[0m
[0;32mI (104289) LED_CONTROL: LED ON[0m
[0;32mI (105289) LED_CONTROL: LED OFF[0m
[0;32mI (106289) LED_CONTROL: LED ON[0m
[0;32mI (107289) LED_CONTROL: LED OFF[0m
[0;32mI (108289) LED_CONTROL: LED ON[0m
[0;32mI (109289) LED_CONTROL: LED OFF[0m
[0;32mI (110289) LED_CONTROL: LED ON[0m
[0;32mI (111289) LED_CONTROL: LED OFF[0m
[0;32mI (112289) LED_CONTROL: LED ON[0m
[0;32mI (113289) LED_CONTROL: LED OFF[0m
[0;32mI (114289) LED_CONTROL: LED ON[0m
[0;32mI (115289) LED_CONTROL: LED OFF[0m
[0;32mI (116289) LED_CONTROL: LED ON[0m
[0;32mI (117289) LED_CONTROL: LED OFF[0m
[0;32mI (118289) LED_CONTROL: LED ON[0m
[0;32mI (119289) LED_CONTROL: LED OFF[0m
[0;32mI (120289) LED_CONTROL: LED ON[0m
[0;32mI (121289) LED_CONTROL: LED OFF[0m
[0;32mI (122289) LED_CONTROL: LED ON[0m
[0;32mI (123289) LED_CONTROL: LED OFF[0m
[0;32mI (124289) LED_CONTROL: LED ON[0m
[0;32mI (125289) LED_CONTROL: LED OFF[0m
[0;32mI (126289) LED_CONTROL: LED ON[0m
[0;32mI (127289) LED_CONTROL: LED OFF[0m
[0;32mI (128289) LED_CONTROL: LED ON[0m
[0;32mI (129289) LED_CONTROL: LED OFF[0m
[0;32mI (130289) LED_CONTROL: LED ON[0m
[0;32mI (131289) LED_CONTROL: LED OFF[0m
[0;32mI (132289) LED_CONTROL: LED ON[0m
[0;32mI (133289) LED_CONTROL: LED OFF[0m
[0;32mI (134289) LED_CONTROL: LED ON[0m
[0;32mI (135289) LED_CONTROL: LED OFF[0m
[0;32mI (136289) LED_CONTROL: LED ON[0m
[0;32mI (137289) LED_CONTROL: LED OFF[0m
[0;32mI (138289) LED_CONTROL: LED ON[0m
[0;32mI (139289) LED_CONTROL: LED OFF[0m
[0;32mI (140289) LED_CONTROL: LED ON[0m
[0;32mI (141289) LED_CONTROL: LED OFF[0m
[0;32mI (142289) LED_CONTROL: LED ON[0m
