Command: C:\Espressif\python_env\idf5.5_py3.11_env\Scripts\python.exe C:\Users\nnarat\esp\v5.5.1\esp-idf\tools/idf_monitor.py -p COM3 -b 115200 --toolchain-prefix xtensa-esp32-elf- --target esp32 --revision 0 D:\Week-09-Special_topics_2568\ex3\build\ex3.elf D:\Week-09-Special_topics_2568\ex3\build\bootloader\bootloader.elf --force-color -m 'C:\Espressif\python_env\idf5.5_py3.11_env\Scripts\python.exe' 'C:\Users\nnarat\esp\v5.5.1\esp-idf\tools\idf.py' '-p' 'COM3'
ets$'"%=5
[0;32mI (41) boot.esp32: SPI Flash Size : 2MB[0m
[0;32mI (44) bï¿½ets Jun  8 2016 00:22:57[0m

rst:0x1 (POWERON_RESET),boot:0x12 (SPI_FAST_FLASH_BOOT)
configsip: 0, SPIWP:0xee
clk_drv:0x00,q_drv:0x00,d_drv:0x00,cs0_drv:0x00,hd_drv:0x00,wp_drv:0x00
mode:DIO, clock div:2
load:0x3fff0030,len:6380
ho 0 tail 12 room 4
load:0x40078000,len:15916
load:0x40080400,len:3860
entry 0x40080638
[0;32mI (29) boot: ESP-IDF v5.5.1 2nd stage bootloader[0m
[0;32mI (29) boot: compile time Sep 18 2025 15:45:36[0m
[0;32mI (29) boot: Multicore bootloader[0m
[0;32mI (31) boot: chip revision: v1.0[0m
[0;32mI (33) boot.esp32: SPI Speed      : 40MHz[0m
[0;32mI (37) boot.esp32: SPI Mode       : DIO[0m
[0;32mI (41) boot.esp32: SPI Flash Size : 2MB[0m
[0;32mI (44) boot: Enabling RNG early entropy source...[0m
[0;32mI (49) boot: Partition Table:[0m
[0;32mI (51) boot: ## Label            Usage          Type ST Offset   Length[0m
[0;32mI (58) boot:  0 nvs              WiFi data        01 02 00009000 00006000[0m
[0;32mI (64) boot:  1 phy_init         RF data          01 01 0000f000 00001000[0m
[0;32mI (71) boot:  2 factory          factory app      00 00 00010000 00100000[0m
[0;32mI (77) boot: End of partition table[0m
[0;32mI (81) esp_image: segment 0: paddr=00010020 vaddr=3f400020 size=0aa60h ( 43616) map[0m
[0;32mI (103) esp_image: segment 1: paddr=0001aa88 vaddr=3ffb0000 size=024c0h (  9408) load[0m
[0;32mI (107) esp_image: segment 2: paddr=0001cf50 vaddr=40080000 size=030c8h ( 12488) load[0m
[0;32mI (112) esp_image: segment 3: paddr=00020020 vaddr=400d0020 size=15450h ( 87120) map[0m
[0;32mI (144) esp_image: segment 4: paddr=00035478 vaddr=400830c8 size=0a43ch ( 42044) load[0m
[0;32mI (161) esp_image: segment 5: paddr=0003f8bc vaddr=50000000 size=00020h (    32) load[0m
[0;32mI (168) boot: Loaded app from partition at offset 0x10000[0m
[0;32mI (168) boot: Disabling RNG early entropy source...[0m
[0;32mI (179) cpu_start: Multicore app[0m
[0;32mI (187) cpu_start: Pro cpu start user code[0m
[0;32mI (187) cpu_start: cpu freq: 160000000 Hz[0m
[0;32mI (187) app_init: Application information:[0m
[0;32mI (187) app_init: Project name:     ex3[0m
[0;32mI (191) app_init: App version:      04a245f[0m
[0;32mI (195) app_init: Compile time:     Sep 18 2025 15:45:18[0m
[0;32mI (200) app_init: ELF file SHA256:  a25a35fa6...[0m
[0;32mI (204) app_init: ESP-IDF:          v5.5.1[0m
[0;32mI (208) efuse_init: Min chip rev:     v0.0[0m
[0;32mI (212) efuse_init: Max chip rev:     v3.99 [0m
[0;32mI (216) efuse_init: Chip rev:         v1.0[0m
[0;32mI (220) heap_init: Initializing. RAM available for dynamic allocation:[0m
[0;32mI (226) heap_init: At 3FFAE6E0 len 00001920 (6 KiB): DRAM[0m
[0;32mI (231) heap_init: At 3FFB2DF0 len 0002D210 (180 KiB): DRAM[0m
[0;32mI (236) heap_init: At 3FFE0440 len 00003AE0 (14 KiB): D/IRAM[0m
[0;32mI (242) heap_init: At 3FFE4350 len 0001BCB0 (111 KiB): D/IRAM[0m
[0;32mI (247) heap_init: At 4008D504 len 00012AFC (74 KiB): IRAM[0m
[0;32mI (254) spi_flash: detected chip: generic[0m
[0;32mI (256) spi_flash: flash io: dio[0m
[0;33mW (259) spi_flash: Detected size(4096k) larger than the size in the binary image header(2048k). Using the size in the binary image header.[0m
[0;32mI (272) main_task: Started on CPU0[0m
[0;32mI (282) main_task: Calling app_main()[0m
[0;32mI (282) PWM_BREATHING: ESP32 LED Breathing Pattern Started[0m
[0;32mI (282) PWM_BREATHING: Mode 0: Knight Rider (Breathing)[0m
[0;32mI (282) main_task: Returned from app_main()[0m
[0;32mI (41442) PWM_BREATHING: Mode 1: Binary Counter (Breathing)[0m
[0;32mI (77662) PWM_BREATHING: Mode 2: Random Blinking (Breathing)[0m
[0;32mI (113892) PWM_BREATHING: Mode 0: Knight Rider (Breathing)[0m
[0;32mI (156692) PWM_BREATHING: Mode 1: Binary Counter (Breathing)[0m
